// Jest Snapshot v1, https://goo.gl/fbAQLP

exports[`Calculations component matches snapshot 1`] = `
<div
  className="sc-AxjAm gUIIxw"
>
  <div>
    <span>
      Total interest:
    </span>
    <span>
      0 GBP
    </span>
  </div>
  <div>
    <span>
      Your montly cost:
    </span>
    <span>
      0 GBP 
    </span>
  </div>
</div>
`;

exports[`LoanCalculator component matches snapshot 1`] = `
<div
  className="sc-AxhCb jQUMEI"
>
  <div
    className="sc-AxirZ fMSpXb"
  >
    <h3>
      Calculated for you with love by
    </h3>
    <img
      alt="logo"
      src=""
    />
    <h4>
      <span>
        Loan
      </span>
      <span>
        Calculator
      </span>
    </h4>
  </div>
  <div
    className="sc-AxhUy elhXSh"
  >
    <span
      className="sc-AxgMl czpDHs"
    >
      <span>
        How much would you like to borrow:
      </span>
      <span>
        1000
         GBP
      </span>
    </span>
    <div
      className="sc-AxheI kfpleL"
    >
      <span>
        1000 GBP
      </span>
      <div
        className="rc-slider sc-AxiKw bOTXee"
        onBlur={[Function]}
        onFocus={[Function]}
        onKeyDown={[Function]}
        onMouseDown={[Function]}
        onMouseUp={[Function]}
        onTouchStart={[Function]}
      >
        <div
          className="rc-slider-rail"
          style={
            Object {
              "backgroundColor": "#ffcbc9",
              "height": 8,
            }
          }
        />
        <div
          className="rc-slider-track"
          style={
            Object {
              "backgroundColor": "#6559fb",
              "height": 8,
              "left": "0%",
              "right": "auto",
              "width": "0%",
            }
          }
        />
        <div
          className="rc-slider-step"
        />
        <div
          aria-disabled={false}
          aria-valuemax={5000}
          aria-valuemin={1000}
          aria-valuenow={1000}
          className="rc-slider-handle"
          onBlur={[Function]}
          onKeyDown={[Function]}
          onMouseDown={[Function]}
          role="slider"
          style={
            Object {
              "backgroundColor": "#fff",
              "borderColor": "#6559fb",
              "height": 20,
              "left": "0%",
              "marginLeft": 0,
              "marginTop": -6,
              "right": "auto",
              "transform": "translateX(-50%)",
              "width": 20,
            }
          }
          tabIndex={0}
        />
        <div
          className="rc-slider-mark"
        />
      </div>
      <span>
        5000 GBP
      </span>
    </div>
  </div>
  <div
    className="sc-AxhUy elhXSh"
  >
    <span
      className="sc-AxgMl czpDHs"
    >
      <span>
        For how long:
      </span>
      <span>
        6
         months
      </span>
    </span>
    <div
      className="sc-AxheI kfpleL"
    >
      <span>
        6 months
      </span>
      <div
        className="rc-slider sc-AxiKw bOTXee"
        onBlur={[Function]}
        onFocus={[Function]}
        onKeyDown={[Function]}
        onMouseDown={[Function]}
        onMouseUp={[Function]}
        onTouchStart={[Function]}
      >
        <div
          className="rc-slider-rail"
          style={
            Object {
              "backgroundColor": "#ffcbc9",
              "height": 8,
            }
          }
        />
        <div
          className="rc-slider-track"
          style={
            Object {
              "backgroundColor": "#6559fb",
              "height": 8,
              "left": "0%",
              "right": "auto",
              "width": "0%",
            }
          }
        />
        <div
          className="rc-slider-step"
        />
        <div
          aria-disabled={false}
          aria-valuemax={36}
          aria-valuemin={6}
          aria-valuenow={6}
          className="rc-slider-handle"
          onBlur={[Function]}
          onKeyDown={[Function]}
          onMouseDown={[Function]}
          role="slider"
          style={
            Object {
              "backgroundColor": "#fff",
              "borderColor": "#6559fb",
              "height": 20,
              "left": "0%",
              "marginLeft": 0,
              "marginTop": -6,
              "right": "auto",
              "transform": "translateX(-50%)",
              "width": 20,
            }
          }
          tabIndex={0}
        />
        <div
          className="rc-slider-mark"
        />
      </div>
      <span>
        36 months
      </span>
    </div>
  </div>
  <div
    className="sc-AxjAm gUIIxw"
  >
    <div>
      <span>
        Total interest:
      </span>
      <span>
        0 GBP
      </span>
    </div>
    <div>
      <span>
        Your montly cost:
      </span>
      <span>
        0 GBP 
      </span>
    </div>
  </div>
</div>
`;

exports[`LogoContainer component matches snapshot 1`] = `
<div
  className="sc-AxirZ fMSpXb"
>
  <h3>
    Calculated for you with love by
  </h3>
  <img
    alt="logo"
    src=""
  />
  <h4>
    <span>
      Loan
    </span>
    <span>
      Calculator
    </span>
  </h4>
</div>
`;
